[2026-05-28 08:30:17] [INFO   ] Device:initGpioController> Non-ARM host detected ({0}); GPIO disabled. 
[2026-05-28 08:30:17] [CONFIG ] _SC_VAC_PCOUNTER1500W_PC1_UM03   0   2 
[2026-05-28 08:30:17] [CONFIG ] _SC_VAC_PCOUNTER1500W_PC1_UM05   2   2 
[2026-05-28 08:30:17] [CONFIG ] _SC_VAC_PCOUNTER1500W_PC1_UM1   4   2 
[2026-05-28 08:30:17] [CONFIG ] _SC_VAC_PCOUNTER1500W_PC1_UM205   6   2 
[2026-05-28 08:30:17] [CONFIG ] _SC_VAC_PCOUNTER1500W_PC1_UM5   8   2 
[2026-05-28 08:30:17] [CONFIG ] _SC_VAC_PCOUNTER1500W_PC1_UM10   10   2 
[2026-05-28 08:30:17] [CONFIG ] _SC_VAC_PCOUNTER1500W_PC1_UM03FLG   12   1 
[2026-05-28 08:30:17] [CONFIG ] _SC_VAC_PCOUNTER1500W_PC1_UM05FLG   13   1 
[2026-05-28 08:30:17] [CONFIG ] _SC_VAC_PCOUNTER1500W_PC1_UM1FLG   14   1 
[2026-05-28 08:30:17] [CONFIG ] _SC_VAC_PCOUNTER1500W_PC1_UM205FLG   15   1 
[2026-05-28 08:30:17] [CONFIG ] _SC_VAC_PCOUNTER1500W_PC1_UM5FLG   16   1 
[2026-05-28 08:30:17] [CONFIG ] _SC_VAC_PCOUNTER1500W_PC1_UM10FLG   17   1 
[2026-05-28 08:30:17] [CONFIG ] _SC_VAC_PCOUNTER1500W_PC1_SAMPLING   18   1 
[2026-05-28 08:30:17] [CONFIG ] _SC_VAC_PCOUNTER1500W_PC1_HOLDING   19   1 
[2026-05-28 08:30:17] [CONFIG ] _SC_VAC_PCOUNTER1500W_PC1_CYCLE   20   1 
[2026-05-28 08:30:17] [CONFIG ] _SC_VAC_PCOUNTER1500W_PC1_FLOW   21   1 
[2026-05-28 08:30:17] [CONFIG ] _SC_VAC_PCOUNTER1500W_PC1_INSTRST   22   1 
[2026-05-28 08:30:17] [CONFIG ] _SC_VAC_PCOUNTER1500W_PC1_ST   23   1 
[2026-05-28 08:30:17] [CONFIG ] _SC_VAC_PCOUNTER1500W_PC1_COMST   24   1 
[2026-05-28 08:30:17] [CONFIG ] _SC_VAC_PCOUNTER1500W_PC2_UM03   26   2 
[2026-05-28 08:30:17] [CONFIG ] _SC_VAC_PCOUNTER1500W_PC2_UM05   28   2 
[2026-05-28 08:30:17] [CONFIG ] _SC_VAC_PCOUNTER1500W_PC2_UM1   30   2 
[2026-05-28 08:30:17] [CONFIG ] _SC_VAC_PCOUNTER1500W_PC2_UM205   32   2 
[2026-05-28 08:30:17] [CONFIG ] _SC_VAC_PCOUNTER1500W_PC2_UM5   34   2 
[2026-05-28 08:30:17] [CONFIG ] _SC_VAC_PCOUNTER1500W_PC2_UM10   36   2 
[2026-05-28 08:30:17] [CONFIG ] _SC_VAC_PCOUNTER1500W_PC2_UM03FLG   38   1 
[2026-05-28 08:30:17] [CONFIG ] _SC_VAC_PCOUNTER1500W_PC2_UM05FLG   39   1 
[2026-05-28 08:30:17] [CONFIG ] _SC_VAC_PCOUNTER1500W_PC2_UM1FLG   40   1 
[2026-05-28 08:30:17] [CONFIG ] _SC_VAC_PCOUNTER1500W_PC2_UM205FLG   41   1 
[2026-05-28 08:30:17] [CONFIG ] _SC_VAC_PCOUNTER1500W_PC2_UM5FLG   42   1 
[2026-05-28 08:30:17] [CONFIG ] _SC_VAC_PCOUNTER1500W_PC2_UM10FLG   43   1 
[2026-05-28 08:30:17] [CONFIG ] _SC_VAC_PCOUNTER1500W_PC2_SAMPLING   44   1 
[2026-05-28 08:30:17] [CONFIG ] _SC_VAC_PCOUNTER1500W_PC2_HOLDING   45   1 
[2026-05-28 08:30:17] [CONFIG ] _SC_VAC_PCOUNTER1500W_PC2_CYCLE   46   1 
[2026-05-28 08:30:17] [CONFIG ] _SC_VAC_PCOUNTER1500W_PC2_FLOW   47   1 
[2026-05-28 08:30:17] [CONFIG ] _SC_VAC_PCOUNTER1500W_PC2_INSTRST   48   1 
[2026-05-28 08:30:17] [CONFIG ] _SC_VAC_PCOUNTER1500W_PC2_ST   49   1 
[2026-05-28 08:30:17] [CONFIG ] _SC_VAC_PCOUNTER1500W_PC2_COMST   50   1 
[2026-05-28 08:30:17] [CONFIG ] _SC_VAC_PCOUNTER1500W_PC3_UM03   52   2 
[2026-05-28 08:30:17] [CONFIG ] _SC_VAC_PCOUNTER1500W_PC3_UM05   54   2 
[2026-05-28 08:30:17] [CONFIG ] _SC_VAC_PCOUNTER1500W_PC3_UM1   56   2 
[2026-05-28 08:30:17] [CONFIG ] _SC_VAC_PCOUNTER1500W_PC3_UM205   58   2 
[2026-05-28 08:30:17] [CONFIG ] _SC_VAC_PCOUNTER1500W_PC3_UM5   60   2 
[2026-05-28 08:30:17] [CONFIG ] _SC_VAC_PCOUNTER1500W_PC3_UM10   62   2 
[2026-05-28 08:30:17] [CONFIG ] _SC_VAC_PCOUNTER1500W_PC3_UM03FLG   64   1 
[2026-05-28 08:30:17] [CONFIG ] _SC_VAC_PCOUNTER1500W_PC3_UM05FLG   65   1 
[2026-05-28 08:30:17] [CONFIG ] _SC_VAC_PCOUNTER1500W_PC3_UM1FLG   66   1 
[2026-05-28 08:30:17] [CONFIG ] _SC_VAC_PCOUNTER1500W_PC3_UM205FLG   67   1 
[2026-05-28 08:30:17] [CONFIG ] _SC_VAC_PCOUNTER1500W_PC3_UM5FLG   68   1 
[2026-05-28 08:30:17] [CONFIG ] _SC_VAC_PCOUNTER1500W_PC3_UM10FLG   69   1 
[2026-05-28 08:30:17] [CONFIG ] _SC_VAC_PCOUNTER1500W_PC3_SAMPLING   70   1 
[2026-05-28 08:30:17] [CONFIG ] _SC_VAC_PCOUNTER1500W_PC3_HOLDING   71   1 
[2026-05-28 08:30:17] [CONFIG ] _SC_VAC_PCOUNTER1500W_PC3_CYCLE   72   1 
[2026-05-28 08:30:17] [CONFIG ] _SC_VAC_PCOUNTER1500W_PC3_FLOW   73   1 
[2026-05-28 08:30:17] [CONFIG ] _SC_VAC_PCOUNTER1500W_PC3_INSTRST   74   1 
[2026-05-28 08:30:17] [CONFIG ] _SC_VAC_PCOUNTER1500W_PC3_ST   75   1 
[2026-05-28 08:30:17] [CONFIG ] _SC_VAC_PCOUNTER1500W_PC3_COMST   76   1 
[2026-05-28 08:30:17] [CONFIG ] _SC_VAC_PCOUNTER1500W_PC4_UM03   78   2 
[2026-05-28 08:30:17] [CONFIG ] _SC_VAC_PCOUNTER1500W_PC4_UM05   80   2 
[2026-05-28 08:30:17] [CONFIG ] _SC_VAC_PCOUNTER1500W_PC4_UM1   82   2 
[2026-05-28 08:30:17] [CONFIG ] _SC_VAC_PCOUNTER1500W_PC4_UM205   84   2 
[2026-05-28 08:30:17] [CONFIG ] _SC_VAC_PCOUNTER1500W_PC4_UM5   86   2 
[2026-05-28 08:30:17] [CONFIG ] _SC_VAC_PCOUNTER1500W_PC4_UM10   88   2 
[2026-05-28 08:30:17] [CONFIG ] _SC_VAC_PCOUNTER1500W_PC4_UM03FLG   90   1 
[2026-05-28 08:30:17] [CONFIG ] _SC_VAC_PCOUNTER1500W_PC4_UM05FLG   91   1 
[2026-05-28 08:30:17] [CONFIG ] _SC_VAC_PCOUNTER1500W_PC4_UM1FLG   92   1 
[2026-05-28 08:30:17] [CONFIG ] _SC_VAC_PCOUNTER1500W_PC4_UM205FLG   93   1 
[2026-05-28 08:30:17] [CONFIG ] _SC_VAC_PCOUNTER1500W_PC4_UM5FLG   94   1 
[2026-05-28 08:30:17] [CONFIG ] _SC_VAC_PCOUNTER1500W_PC4_UM10FLG   95   1 
[2026-05-28 08:30:17] [CONFIG ] _SC_VAC_PCOUNTER1500W_PC4_SAMPLING   96   1 
[2026-05-28 08:30:17] [CONFIG ] _SC_VAC_PCOUNTER1500W_PC4_HOLDING   97   1 
[2026-05-28 08:30:17] [CONFIG ] _SC_VAC_PCOUNTER1500W_PC4_CYCLE   98   1 
[2026-05-28 08:30:17] [CONFIG ] _SC_VAC_PCOUNTER1500W_PC4_FLOW   99   1 
[2026-05-28 08:30:17] [CONFIG ] _SC_VAC_PCOUNTER1500W_PC4_INSTRST   100   1 
[2026-05-28 08:30:17] [CONFIG ] _SC_VAC_PCOUNTER1500W_PC4_ST   101   1 
[2026-05-28 08:30:17] [CONFIG ] _SC_VAC_PCOUNTER1500W_PC4_COMST   102   1 
[2026-05-28 08:30:17] [CONFIG ] _SC_VAC_PCOUNTER1500W_PC5_UM03   104   2 
[2026-05-28 08:30:17] [CONFIG ] _SC_VAC_PCOUNTER1500W_PC5_UM05   106   2 
[2026-05-28 08:30:17] [CONFIG ] _SC_VAC_PCOUNTER1500W_PC5_UM1   108   2 
[2026-05-28 08:30:17] [CONFIG ] _SC_VAC_PCOUNTER1500W_PC5_UM205   110   2 
[2026-05-28 08:30:17] [CONFIG ] _SC_VAC_PCOUNTER1500W_PC5_UM5   112   2 
[2026-05-28 08:30:17] [CONFIG ] _SC_VAC_PCOUNTER1500W_PC5_UM10   114   2 
[2026-05-28 08:30:17] [CONFIG ] _SC_VAC_PCOUNTER1500W_PC5_UM03FLG   116   1 
[2026-05-28 08:30:17] [CONFIG ] _SC_VAC_PCOUNTER1500W_PC5_UM05FLG   117   1 
[2026-05-28 08:30:17] [CONFIG ] _SC_VAC_PCOUNTER1500W_PC5_UM1FLG   118   1 
[2026-05-28 08:30:17] [CONFIG ] _SC_VAC_PCOUNTER1500W_PC5_UM205FLG   119   1 
[2026-05-28 08:30:17] [CONFIG ] _SC_VAC_PCOUNTER1500W_PC5_UM5FLG   120   1 
[2026-05-28 08:30:17] [CONFIG ] _SC_VAC_PCOUNTER1500W_PC5_UM10FLG   121   1 
[2026-05-28 08:30:17] [CONFIG ] _SC_VAC_PCOUNTER1500W_PC5_SAMPLING   122   1 
[2026-05-28 08:30:17] [CONFIG ] _SC_VAC_PCOUNTER1500W_PC5_HOLDING   123   1 
[2026-05-28 08:30:17] [CONFIG ] _SC_VAC_PCOUNTER1500W_PC5_CYCLE   124   1 
[2026-05-28 08:30:17] [CONFIG ] _SC_VAC_PCOUNTER1500W_PC5_FLOW   125   1 
[2026-05-28 08:30:17] [CONFIG ] _SC_VAC_PCOUNTER1500W_PC5_INSTRST   126   1 
[2026-05-28 08:30:17] [CONFIG ] _SC_VAC_PCOUNTER1500W_PC5_ST   127   1 
[2026-05-28 08:30:17] [CONFIG ] _SC_VAC_PCOUNTER1500W_PC5_COMST   128   1 
[2026-05-28 08:30:17] [CONFIG ] _SC_VAC_PCOUNTER1500W_PC6_UM03   130   2 
[2026-05-28 08:30:17] [CONFIG ] _SC_VAC_PCOUNTER1500W_PC6_UM05   132   2 
[2026-05-28 08:30:17] [CONFIG ] _SC_VAC_PCOUNTER1500W_PC6_UM1   134   2 
[2026-05-28 08:30:17] [CONFIG ] _SC_VAC_PCOUNTER1500W_PC6_UM205   136   2 
[2026-05-28 08:30:17] [CONFIG ] _SC_VAC_PCOUNTER1500W_PC6_UM5   138   2 
[2026-05-28 08:30:17] [CONFIG ] _SC_VAC_PCOUNTER1500W_PC6_UM10   140   2 
[2026-05-28 08:30:17] [CONFIG ] _SC_VAC_PCOUNTER1500W_PC6_UM03FLG   142   1 
[2026-05-28 08:30:17] [CONFIG ] _SC_VAC_PCOUNTER1500W_PC6_UM05FLG   143   1 
[2026-05-28 08:30:17] [CONFIG ] _SC_VAC_PCOUNTER1500W_PC6_UM1FLG   144   1 
[2026-05-28 08:30:17] [CONFIG ] _SC_VAC_PCOUNTER1500W_PC6_UM205FLG   145   1 
[2026-05-28 08:30:17] [CONFIG ] _SC_VAC_PCOUNTER1500W_PC6_UM5FLG   146   1 
[2026-05-28 08:30:17] [CONFIG ] _SC_VAC_PCOUNTER1500W_PC6_UM10FLG   147   1 
[2026-05-28 08:30:17] [CONFIG ] _SC_VAC_PCOUNTER1500W_PC6_SAMPLING   148   1 
[2026-05-28 08:30:17] [CONFIG ] _SC_VAC_PCOUNTER1500W_PC6_HOLDING   149   1 
[2026-05-28 08:30:17] [CONFIG ] _SC_VAC_PCOUNTER1500W_PC6_CYCLE   150   1 
[2026-05-28 08:30:17] [CONFIG ] _SC_VAC_PCOUNTER1500W_PC6_FLOW   151   1 
[2026-05-28 08:30:17] [CONFIG ] _SC_VAC_PCOUNTER1500W_PC6_INSTRST   152   1 
[2026-05-28 08:30:17] [CONFIG ] _SC_VAC_PCOUNTER1500W_PC6_ST   153   1 
[2026-05-28 08:30:17] [CONFIG ] _SC_VAC_PCOUNTER1500W_PC6_COMST   154   1 
[2026-05-28 08:30:17] [CONFIG ] _SC_VAC_PCOUNTER1500W_PC7_UM03   156   2 
[2026-05-28 08:30:17] [CONFIG ] _SC_VAC_PCOUNTER1500W_PC7_UM05   158   2 
[2026-05-28 08:30:17] [CONFIG ] _SC_VAC_PCOUNTER1500W_PC7_UM1   160   2 
[2026-05-28 08:30:17] [CONFIG ] _SC_VAC_PCOUNTER1500W_PC7_UM205   162   2 
[2026-05-28 08:30:17] [CONFIG ] _SC_VAC_PCOUNTER1500W_PC7_UM5   164   2 
[2026-05-28 08:30:17] [CONFIG ] _SC_VAC_PCOUNTER1500W_PC7_UM10   166   2 
[2026-05-28 08:30:17] [CONFIG ] _SC_VAC_PCOUNTER1500W_PC7_UM03FLG   168   1 
[2026-05-28 08:30:17] [CONFIG ] _SC_VAC_PCOUNTER1500W_PC7_UM05FLG   169   1 
[2026-05-28 08:30:17] [CONFIG ] _SC_VAC_PCOUNTER1500W_PC7_UM1FLG   170   1 
[2026-05-28 08:30:17] [CONFIG ] _SC_VAC_PCOUNTER1500W_PC7_UM205FLG   171   1 
[2026-05-28 08:30:17] [CONFIG ] _SC_VAC_PCOUNTER1500W_PC7_UM5FLG   172   1 
[2026-05-28 08:30:17] [CONFIG ] _SC_VAC_PCOUNTER1500W_PC7_UM10FLG   173   1 
[2026-05-28 08:30:17] [CONFIG ] _SC_VAC_PCOUNTER1500W_PC7_SAMPLING   174   1 
[2026-05-28 08:30:17] [CONFIG ] _SC_VAC_PCOUNTER1500W_PC7_HOLDING   175   1 
[2026-05-28 08:30:17] [CONFIG ] _SC_VAC_PCOUNTER1500W_PC7_CYCLE   176   1 
[2026-05-28 08:30:17] [CONFIG ] _SC_VAC_PCOUNTER1500W_PC7_FLOW   177   1 
[2026-05-28 08:30:17] [CONFIG ] _SC_VAC_PCOUNTER1500W_PC7_INSTRST   178   1 
[2026-05-28 08:30:17] [CONFIG ] _SC_VAC_PCOUNTER1500W_PC7_ST   179   1 
[2026-05-28 08:30:17] [CONFIG ] _SC_VAC_PCOUNTER1500W_PC7_COMST   180   1 
[2026-05-28 08:30:17] [CONFIG ] _SC_VAC_PCOUNTER1500W_PC8_UM03   182   2 
[2026-05-28 08:30:17] [CONFIG ] _SC_VAC_PCOUNTER1500W_PC8_UM05   184   2 
[2026-05-28 08:30:17] [CONFIG ] _SC_VAC_PCOUNTER1500W_PC8_UM1   186   2 
[2026-05-28 08:30:17] [CONFIG ] _SC_VAC_PCOUNTER1500W_PC8_UM205   188   2 
[2026-05-28 08:30:17] [CONFIG ] _SC_VAC_PCOUNTER1500W_PC8_UM5   190   2 
[2026-05-28 08:30:17] [CONFIG ] _SC_VAC_PCOUNTER1500W_PC8_UM10   192   2 
[2026-05-28 08:30:17] [CONFIG ] _SC_VAC_PCOUNTER1500W_PC8_UM03FLG   194   1 
[2026-05-28 08:30:17] [CONFIG ] _SC_VAC_PCOUNTER1500W_PC8_UM05FLG   195   1 
[2026-05-28 08:30:17] [CONFIG ] _SC_VAC_PCOUNTER1500W_PC8_UM1FLG   196   1 
[2026-05-28 08:30:17] [CONFIG ] _SC_VAC_PCOUNTER1500W_PC8_UM205FLG   197   1 
[2026-05-28 08:30:17] [CONFIG ] _SC_VAC_PCOUNTER1500W_PC8_UM5FLG   198   1 
[2026-05-28 08:30:17] [CONFIG ] _SC_VAC_PCOUNTER1500W_PC8_UM10FLG   199   1 
[2026-05-28 08:30:17] [CONFIG ] _SC_VAC_PCOUNTER1500W_PC8_SAMPLING   200   1 
[2026-05-28 08:30:17] [CONFIG ] _SC_VAC_PCOUNTER1500W_PC8_HOLDING   201   1 
[2026-05-28 08:30:17] [CONFIG ] _SC_VAC_PCOUNTER1500W_PC8_CYCLE   202   1 
[2026-05-28 08:30:17] [CONFIG ] _SC_VAC_PCOUNTER1500W_PC8_FLOW   203   1 
[2026-05-28 08:30:17] [CONFIG ] _SC_VAC_PCOUNTER1500W_PC8_INSTRST   204   1 
[2026-05-28 08:30:17] [CONFIG ] _SC_VAC_PCOUNTER1500W_PC8_ST   205   1 
[2026-05-28 08:30:17] [CONFIG ] _SC_VAC_PCOUNTER1500W_PC8_COMST   206   1 
[2026-05-28 08:30:17] [CONFIG ] _SC_COMST   207   1 
[2026-05-28 08:30:17] [INFO   ] Device:initGpioController> Non-ARM host detected ({0}); GPIO disabled. 
[2026-05-28 08:30:17] [FINE   ] SupervisorClient:SupervisorClient> SC2 Modbus registers starts at offset 208 
[2026-05-28 08:30:17] [CONFIG ] _SC2_VAC_PCOUNTERMOB1_UM03   208   2 
[2026-05-28 08:30:17] [CONFIG ] _SC2_VAC_PCOUNTERMOB1_UM05   210   2 
[2026-05-28 08:30:17] [CONFIG ] _SC2_VAC_PCOUNTERMOB1_UM1   212   2 
[2026-05-28 08:30:17] [CONFIG ] _SC2_VAC_PCOUNTERMOB1_UM205   214   2 
[2026-05-28 08:30:17] [CONFIG ] _SC2_VAC_PCOUNTERMOB1_UM5   216   2 
[2026-05-28 08:30:17] [CONFIG ] _SC2_VAC_PCOUNTERMOB1_UM10   218   2 
[2026-05-28 08:30:17] [CONFIG ] _SC2_VAC_PCOUNTERMOB1_UM03FLG   220   1 
[2026-05-28 08:30:17] [CONFIG ] _SC2_VAC_PCOUNTERMOB1_UM05FLG   221   1 
[2026-05-28 08:30:17] [CONFIG ] _SC2_VAC_PCOUNTERMOB1_UM1FLG   222   1 
[2026-05-28 08:30:17] [CONFIG ] _SC2_VAC_PCOUNTERMOB1_UM205FLG   223   1 
[2026-05-28 08:30:17] [CONFIG ] _SC2_VAC_PCOUNTERMOB1_UM5FLG   224   1 
[2026-05-28 08:30:17] [CONFIG ] _SC2_VAC_PCOUNTERMOB1_UM10FLG   225   1 
[2026-05-28 08:30:17] [CONFIG ] _SC2_VAC_PCOUNTERMOB1_SAMPLING   226   1 
[2026-05-28 08:30:17] [CONFIG ] _SC2_VAC_PCOUNTERMOB1_HOLDING   227   1 
[2026-05-28 08:30:17] [CONFIG ] _SC2_VAC_PCOUNTERMOB1_CYCLE   228   1 
[2026-05-28 08:30:17] [CONFIG ] _SC2_VAC_PCOUNTERMOB1_FLOW   229   1 
[2026-05-28 08:30:17] [CONFIG ] _SC2_VAC_PCOUNTERMOB1_INSTRST   230   1 
[2026-05-28 08:30:17] [CONFIG ] _SC2_VAC_PCOUNTERMOB1_ST   231   1 
[2026-05-28 08:30:17] [CONFIG ] _SC2_VAC_PCOUNTERMOB1_COMST   232   1 
[2026-05-28 08:30:17] [CONFIG ] _SC2_VAC_PCOUNTERMOB2_UM03   234   2 
[2026-05-28 08:30:17] [CONFIG ] _SC2_VAC_PCOUNTERMOB2_UM05   236   2 
[2026-05-28 08:30:17] [CONFIG ] _SC2_VAC_PCOUNTERMOB2_UM1   238   2 
[2026-05-28 08:30:17] [CONFIG ] _SC2_VAC_PCOUNTERMOB2_UM205   240   2 
[2026-05-28 08:30:17] [CONFIG ] _SC2_VAC_PCOUNTERMOB2_UM5   242   2 
[2026-05-28 08:30:17] [CONFIG ] _SC2_VAC_PCOUNTERMOB2_UM10   244   2 
[2026-05-28 08:30:17] [CONFIG ] _SC2_VAC_PCOUNTERMOB2_UM03FLG   246   1 
[2026-05-28 08:30:17] [CONFIG ] _SC2_VAC_PCOUNTERMOB2_UM05FLG   247   1 
[2026-05-28 08:30:17] [CONFIG ] _SC2_VAC_PCOUNTERMOB2_UM1FLG   248   1 
[2026-05-28 08:30:17] [CONFIG ] _SC2_VAC_PCOUNTERMOB2_UM205FLG   249   1 
[2026-05-28 08:30:17] [CONFIG ] _SC2_VAC_PCOUNTERMOB2_UM5FLG   250   1 
[2026-05-28 08:30:17] [CONFIG ] _SC2_VAC_PCOUNTERMOB2_UM10FLG   251   1 
[2026-05-28 08:30:17] [CONFIG ] _SC2_VAC_PCOUNTERMOB2_SAMPLING   252   1 
[2026-05-28 08:30:17] [CONFIG ] _SC2_VAC_PCOUNTERMOB2_HOLDING   253   1 
[2026-05-28 08:30:17] [CONFIG ] _SC2_VAC_PCOUNTERMOB2_CYCLE   254   1 
[2026-05-28 08:30:17] [CONFIG ] _SC2_VAC_PCOUNTERMOB2_FLOW   255   1 
[2026-05-28 08:30:17] [CONFIG ] _SC2_VAC_PCOUNTERMOB2_INSTRST   256   1 
[2026-05-28 08:30:17] [CONFIG ] _SC2_VAC_PCOUNTERMOB2_ST   257   1 
[2026-05-28 08:30:17] [CONFIG ] _SC2_VAC_PCOUNTERMOB2_COMST   258   1 
[2026-05-28 08:30:17] [CONFIG ] _SC2_VAC_PCOUNTERMOB3_UM03   260   2 
[2026-05-28 08:30:17] [CONFIG ] _SC2_VAC_PCOUNTERMOB3_UM05   262   2 
[2026-05-28 08:30:17] [CONFIG ] _SC2_VAC_PCOUNTERMOB3_UM1   264   2 
[2026-05-28 08:30:17] [CONFIG ] _SC2_VAC_PCOUNTERMOB3_UM205   266   2 
[2026-05-28 08:30:17] [CONFIG ] _SC2_VAC_PCOUNTERMOB3_UM5   268   2 
[2026-05-28 08:30:17] [CONFIG ] _SC2_VAC_PCOUNTERMOB3_UM10   270   2 
[2026-05-28 08:30:17] [CONFIG ] _SC2_VAC_PCOUNTERMOB3_UM03FLG   272   1 
[2026-05-28 08:30:17] [CONFIG ] _SC2_VAC_PCOUNTERMOB3_UM05FLG   273   1 
[2026-05-28 08:30:17] [CONFIG ] _SC2_VAC_PCOUNTERMOB3_UM1FLG   274   1 
[2026-05-28 08:30:17] [CONFIG ] _SC2_VAC_PCOUNTERMOB3_UM205FLG   275   1 
[2026-05-28 08:30:17] [CONFIG ] _SC2_VAC_PCOUNTERMOB3_UM5FLG   276   1 
[2026-05-28 08:30:17] [CONFIG ] _SC2_VAC_PCOUNTERMOB3_UM10FLG   277   1 
[2026-05-28 08:30:17] [CONFIG ] _SC2_VAC_PCOUNTERMOB3_SAMPLING   278   1 
[2026-05-28 08:30:17] [CONFIG ] _SC2_VAC_PCOUNTERMOB3_HOLDING   279   1 
[2026-05-28 08:30:17] [CONFIG ] _SC2_VAC_PCOUNTERMOB3_CYCLE   280   1 
[2026-05-28 08:30:17] [CONFIG ] _SC2_VAC_PCOUNTERMOB3_FLOW   281   1 
[2026-05-28 08:30:17] [CONFIG ] _SC2_VAC_PCOUNTERMOB3_INSTRST   282   1 
[2026-05-28 08:30:17] [CONFIG ] _SC2_VAC_PCOUNTERMOB3_ST   283   1 
[2026-05-28 08:30:17] [CONFIG ] _SC2_VAC_PCOUNTERMOB3_COMST   284   1 
[2026-05-28 08:30:17] [CONFIG ] _SC2_COMST   285   1 
[2026-05-28 08:30:17] [FINE   ] SupervisorClient:SupervisorClient> SC2 Modbus registers ends at offset 286 
